// Jest Snapshot v1, https://goo.gl/fbAQLP

exports[`this is working head 1`] = `
<div>
  <button>
    press here
  </button>
</div>
`;
