// Jest Snapshot v1, https://goo.gl/fbAQLP

exports[`this is working head 1`] = `
<div>
  <h1>
    hello world
  </h1>
  <h2>
    this is for testing
  </h2>
  <h3>
    subscribe to my channel
  </h3>
</div>
`;
